[    0.000000] Initializing cgroup subsys cpuset
[    0.000000] Initializing cgroup subsys cpu
[    0.000000] Initializing cgroup subsys cpuacct
[    0.000000] Linux version 4.4.0-124-generic (buildd@lcy01-amd64-028) (gcc version 5.4.0 20160609 (Ubuntu 5.4.0-6ubuntu1~16.04.9) ) #148-Ubuntu SMP Wed May 2 13:00:18 UTC 2018 (Ubuntu 4.4.0-124.148-generic 4.4.117)
[    0.000000] Command line: BOOT_IMAGE=/boot/vmlinuz-4.4.0-124-generic root=LABEL=cloudimg-rootfs ro console=tty1 console=ttyS0
[    0.000000] KERNEL supported cpus:
[    0.000000]   Intel GenuineIntel
[    0.000000]   AMD AuthenticAMD
[    0.000000]   Centaur CentaurHauls
[    0.000000] x86/fpu: Supporting XSAVE feature 0x01: 'x87 floating point registers'
[    0.000000] x86/fpu: Supporting XSAVE feature 0x02: 'SSE registers'
[    0.000000] x86/fpu: Enabled xstate features 0x3, context size is 576 bytes, using 'standard' format.
[    0.000000] x86/fpu: Using 'lazy' FPU context switches.
[    0.000000] e820: BIOS-provided physical RAM map:
[    0.000000] BIOS-e820: [mem 0x0000000000000000-0x000000000009fbff] usable
[    0.000000] BIOS-e820: [mem 0x000000000009fc00-0x000000000009ffff] reserved
[    0.000000] BIOS-e820: [mem 0x00000000000f0000-0x00000000000fffff] reserved
[    0.000000] BIOS-e820: [mem 0x0000000000100000-0x000000001ffeffff] usable
[    0.000000] BIOS-e820: [mem 0x000000001fff0000-0x000000001fffffff] ACPI data
[    0.000000] BIOS-e820: [mem 0x00000000fec00000-0x00000000fec00fff] reserved
[    0.000000] BIOS-e820: [mem 0x00000000fee00000-0x00000000fee00fff] reserved
[    0.000000] BIOS-e820: [mem 0x00000000fffc0000-0x00000000ffffffff] reserved
[    0.000000] NX (Execute Disable) protection: active
[    0.000000] SMBIOS 2.5 present.
[    0.000000] Hypervisor detected: KVM
[    0.000000] e820: last_pfn = 0x1fff0 max_arch_pfn = 0x400000000
[    0.000000] MTRR: Disabled
[    0.000000] x86/PAT: MTRRs disabled, skipping PAT initialization too.
[    0.000000] CPU MTRRs all blank - virtualized system.
[    0.000000] x86/PAT: Configuration [0-7]: WB  WT  UC- UC  WB  WT  UC- UC  
[    0.000000] found SMP MP-table at [mem 0x0009fff0-0x0009ffff] mapped at [ffff88000009fff0]
[    0.000000] Scanning 1 areas for low memory corruption
[    0.000000] RAMDISK: [mem 0x1ed4a000-0x1f7f1fff]
[    0.000000] ACPI: Early table checksum verification disabled
[    0.000000] ACPI: RSDP 0x00000000000E0000 000024 (v02 VBOX  )
[    0.000000] ACPI: XSDT 0x000000001FFF0030 00003C (v01 VBOX   VBOXXSDT 00000001 ASL  00000061)
[    0.000000] ACPI: FACP 0x000000001FFF00F0 0000F4 (v04 VBOX   VBOXFACP 00000001 ASL  00000061)
[    0.000000] ACPI: DSDT 0x000000001FFF0470 0021FF (v02 VBOX   VBOXBIOS 00000002 INTL 20100528)
[    0.000000] ACPI: FACS 0x000000001FFF0200 000040
[    0.000000] ACPI: FACS 0x000000001FFF0200 000040
[    0.000000] ACPI: APIC 0x000000001FFF0240 000054 (v02 VBOX   VBOXAPIC 00000001 ASL  00000061)
[    0.000000] ACPI: SSDT 0x000000001FFF02A0 0001CC (v01 VBOX   VBOXCPUT 00000002 INTL 20100528)
[    0.000000] No NUMA configuration found
[    0.000000] Faking a node at [mem 0x0000000000000000-0x000000001ffeffff]
[    0.000000] NODE_DATA(0) allocated [mem 0x1ffeb000-0x1ffeffff]
[    0.000000] kvm-clock: Using msrs 4b564d01 and 4b564d00
[    0.000000] kvm-clock: cpu 0, msr 0:1ffe3001, primary cpu clock
[    0.000000] kvm-clock: using sched offset of 16676184928 cycles
[    0.000000] clocksource: kvm-clock: mask: 0xffffffffffffffff max_cycles: 0x1cd42e4dffb, max_idle_ns: 881590591483 ns
[    0.000000] Zone ranges:
[    0.000000]   DMA      [mem 0x0000000000001000-0x0000000000ffffff]
[    0.000000]   DMA32    [mem 0x0000000001000000-0x000000001ffeffff]
[    0.000000]   Normal   empty
[    0.000000]   Device   empty
[    0.000000] Movable zone start for each node
[    0.000000] Early memory node ranges
[    0.000000]   node   0: [mem 0x0000000000001000-0x000000000009efff]
[    0.000000]   node   0: [mem 0x0000000000100000-0x000000001ffeffff]
[    0.000000] Initmem setup node 0 [mem 0x0000000000001000-0x000000001ffeffff]
[    0.000000] ACPI: PM-Timer IO Port: 0x4008
[    0.000000] IOAPIC[0]: apic_id 1, version 32, address 0xfec00000, GSI 0-23
[    0.000000] ACPI: INT_SRC_OVR (bus 0 bus_irq 0 global_irq 2 dfl dfl)
[    0.000000] ACPI: INT_SRC_OVR (bus 0 bus_irq 9 global_irq 9 high level)
[    0.000000] Using ACPI (MADT) for SMP configuration information
[    0.000000] smpboot: Allowing 1 CPUs, 0 hotplug CPUs
[    0.000000] PM: Registered nosave memory: [mem 0x00000000-0x00000fff]
[    0.000000] PM: Registered nosave memory: [mem 0x0009f000-0x0009ffff]
[    0.000000] PM: Registered nosave memory: [mem 0x000a0000-0x000effff]
[    0.000000] PM: Registered nosave memory: [mem 0x000f0000-0x000fffff]
[    0.000000] e820: [mem 0x20000000-0xfebfffff] available for PCI devices
[    0.000000] Booting paravirtualized kernel on KVM
[    0.000000] clocksource: refined-jiffies: mask: 0xffffffff max_cycles: 0xffffffff, max_idle_ns: 7645519600211568 ns
[    0.000000] setup_percpu: NR_CPUS:512 nr_cpumask_bits:512 nr_cpu_ids:1 nr_node_ids:1
[    0.000000] PERCPU: Embedded 34 pages/cpu @ffff88001fc00000 s99544 r8192 d31528 u2097152
[    0.000000] PV qspinlock hash table entries: 256 (order: 0, 4096 bytes)
[    0.000000] Built 1 zonelists in Node order, mobility grouping on.  Total pages: 128888
[    0.000000] Policy zone: DMA32
[    0.000000] Kernel command line: BOOT_IMAGE=/boot/vmlinuz-4.4.0-124-generic root=LABEL=cloudimg-rootfs ro console=tty1 console=ttyS0
[    0.000000] PID hash table entries: 2048 (order: 2, 16384 bytes)
[    0.000000] Memory: 485668K/523832K available (8532K kernel code, 1313K rwdata, 3996K rodata, 1508K init, 1316K bss, 38164K reserved, 0K cma-reserved)
[    0.000000] SLUB: HWalign=64, Order=0-3, MinObjects=0, CPUs=1, Nodes=1
[    0.000000] Kernel/User page tables isolation: enabled
[    0.000000] Hierarchical RCU implementation.
[    0.000000] 	Build-time adjustment of leaf fanout to 64.
[    0.000000] 	RCU restricting CPUs from NR_CPUS=512 to nr_cpu_ids=1.
[    0.000000] RCU: Adjusting geometry for rcu_fanout_leaf=64, nr_cpu_ids=1
[    0.000000] NR_IRQS:33024 nr_irqs:256 16
[    0.000000] Console: colour VGA+ 80x25
[    0.000000] console [tty1] enabled
[    0.000000] console [ttyS0] enabled
[    0.000000] tsc: Detected 2394.570 MHz processor
[    4.268744] Calibrating delay loop (skipped) preset value.. 4789.14 BogoMIPS (lpj=9578280)
[    4.329557] pid_max: default: 32768 minimum: 301
[    4.361065] ACPI: Core revision 20150930
[    4.392125] ACPI: 2 ACPI AML tables successfully acquired and loaded
[    4.451552] Security Framework initialized
[    4.482521] Yama: becoming mindful.
[    4.512982] AppArmor: AppArmor initialized
[    4.543853] Dentry cache hash table entries: 65536 (order: 7, 524288 bytes)
[    4.588876] Inode-cache hash table entries: 32768 (order: 6, 262144 bytes)
[    4.633619] Mount-cache hash table entries: 1024 (order: 1, 8192 bytes)
[    4.674938] Mountpoint-cache hash table entries: 1024 (order: 1, 8192 bytes)
[    4.719707] Initializing cgroup subsys io
[    4.748692] Initializing cgroup subsys memory
[    4.779893] Initializing cgroup subsys devices
[    4.818019] Initializing cgroup subsys freezer
[    4.849080] Initializing cgroup subsys net_cls
[    4.880719] Initializing cgroup subsys perf_event
[    4.914691] Initializing cgroup subsys net_prio
[    4.946409] Initializing cgroup subsys hugetlb
[    4.978017] Initializing cgroup subsys pids
[    5.009027] CPU: Physical Processor ID: 0
[    5.040839] FEATURE SPEC_CTRL Not Present
[    5.070220] mce: CPU supports 0 MCE banks
[    5.108701] process: using mwait in idle threads
[    5.143956] Last level iTLB entries: 4KB 512, 2MB 8, 4MB 8
[    5.179658] Last level dTLB entries: 4KB 512, 2MB 32, 4MB 32, 1GB 0
[    5.220191] Spectre V2 mitigation: Mitigation: Full generic retpoline
[    5.261087] Spectre V2 mitigation: Speculation control IBPB not-supported IBRS not-supported
[    5.581458] Freeing SMP alternatives memory: 32K
[    5.811807] ftrace: allocating 32202 entries in 126 pages
[    6.640928] smpboot: APIC(0) Converting physical 0 to logical package 0
[    6.681867] smpboot: Max logical packages: 1
[    6.721941] x2apic enabled
[    6.752785] Switched APIC routing to physical x2apic.
[    6.821986] ..TIMER: vector=0x30 apic1=0 pin1=2 apic2=-1 pin2=-1
[    6.960911] APIC calibration not consistent with PM-Timer: 97ms instead of 100ms
[    7.012876] APIC delta adjusted to PM-Timer: 6271302 (6105337)
[    7.055678] smpboot: CPU0: Intel(R) Pentium(R) CPU 2020M @ 2.40GHz (family: 0x6, model: 0x3a, stepping: 0x9)
[    7.130242] Performance Events: unsupported p6 CPU model 58 no PMU driver, software events only.
[    7.195063] KVM setup paravirtual spinlock
[    7.230905] x86: Booted up 1 node, 1 CPUs
[    7.259811] smpboot: Total of 1 processors activated (4789.14 BogoMIPS)
[    7.309204] devtmpfs: initialized
[    7.337293] evm: security.selinux
[    7.362276] evm: security.SMACK64
[    7.388468] evm: security.SMACK64EXEC
[    7.415435] evm: security.SMACK64TRANSMUTE
[    7.446806] evm: security.SMACK64MMAP
[    7.474659] evm: security.ima
[    7.498194] evm: security.capability
[    7.525259] clocksource: jiffies: mask: 0xffffffff max_cycles: 0xffffffff, max_idle_ns: 7645041785100000 ns
[    7.589252] futex hash table entries: 256 (order: 2, 16384 bytes)
[    7.630897] pinctrl core: initialized pinctrl subsystem
[    7.667045] RTC time: 17:00:03, date: 05/12/18
[    7.699030] NET: Registered protocol family 16
[    7.731505] cpuidle: using governor ladder
[    7.761843] cpuidle: using governor menu
[    7.791114] PCCT header not found.
[    7.829035] ACPI: bus type PCI registered
[    7.859005] acpiphp: ACPI Hot Plug PCI Controller Driver version: 0.5
[    7.901230] PCI: Using configuration type 1 for base access
[    7.942729] ACPI: Added _OSI(Module Device)
[    7.972434] ACPI: Added _OSI(Processor Device)
[    8.004256] ACPI: Added _OSI(3.0 _SCP Extensions)
[    8.049088] ACPI: Added _OSI(Processor Aggregator Device)
[    8.124776] ACPI: Executed 1 blocks of module-level executable AML code
[    8.248473] ACPI: Interpreter enabled
[    8.281941] ACPI: (supports S0 S5)
[    8.311030] ACPI: Using IOAPIC for interrupt routing
[    8.347408] PCI: Using host bridge windows from ACPI; if necessary, use "pci=nocrs" and report a bug
[    8.464625] ACPI: PCI Root Bridge [PCI0] (domain 0000 [bus 00-ff])
[    8.507716] acpi PNP0A03:00: _OSC: OS supports [ASPM ClockPM Segments MSI]
[    8.557558] acpi PNP0A03:00: _OSC: not requesting OS control; OS requires [ExtendedConfig ASPM ClockPM MSI]
[    8.634192] acpi PNP0A03:00: fail to add MMCONFIG information, can't access extended PCI configuration space under this bridge.
[    8.719109] PCI host bridge to bus 0000:00
[    8.751631] pci_bus 0000:00: root bus resource [io  0x0000-0x0cf7 window]
[    8.795572] pci_bus 0000:00: root bus resource [io  0x0d00-0xffff window]
[    8.845538] pci_bus 0000:00: root bus resource [mem 0x000a0000-0x000bffff window]
[    8.900309] pci_bus 0000:00: root bus resource [mem 0x20000000-0xffdfffff window]
[    8.954545] pci_bus 0000:00: root bus resource [bus 00-ff]
[    9.064983] pci 0000:00:01.1: legacy IDE quirk: reg 0x10: [io  0x01f0-0x01f7]
[    9.116393] pci 0000:00:01.1: legacy IDE quirk: reg 0x14: [io  0x03f6]
[    9.162257] pci 0000:00:01.1: legacy IDE quirk: reg 0x18: [io  0x0170-0x0177]
[    9.207698] pci 0000:00:01.1: legacy IDE quirk: reg 0x1c: [io  0x0376]
[    9.793206] pci 0000:00:07.0: quirk: [io  0x4000-0x403f] claimed by PIIX4 ACPI
[    9.846442] pci 0000:00:07.0: quirk: [io  0x4100-0x410f] claimed by PIIX4 SMB
[   10.031636] ACPI: PCI Interrupt Link [LNKA] (IRQs 5 9 10 *11)
[   10.091147] ACPI: PCI Interrupt Link [LNKB] (IRQs 5 9 10 *11)
[   10.150115] ACPI: PCI Interrupt Link [LNKC] (IRQs 5 9 *10 11)
[   10.216529] ACPI: PCI Interrupt Link [LNKD] (IRQs 5 *9 10 11)
[   10.304670] ACPI: Enabled 2 GPEs in block 00 to 07
[   10.350212] vgaarb: setting as boot device: PCI:0000:00:02.0
[   10.389099] vgaarb: device added: PCI:0000:00:02.0,decodes=io+mem,owns=io+mem,locks=none
[   10.448502] vgaarb: loaded
[   10.516795] vgaarb: bridge control possible 0000:00:02.0
[   10.553954] SCSI subsystem initialized
[   10.582283] ACPI: bus type USB registered
[   10.611533] usbcore: registered new interface driver usbfs
[   10.647431] usbcore: registered new interface driver hub
[   10.684184] usbcore: registered new device driver usb
[   10.718820] PCI: Using ACPI for IRQ routing
[   10.757203] NetLabel: Initializing
[   10.783377] NetLabel:  domain hash size = 128
[   10.813882] NetLabel:  protocols = UNLABELED CIPSOv4
[   10.847149] NetLabel:  unlabeled traffic allowed by default
[   10.883585] amd_nb: Cannot enumerate AMD northbridges
[   10.918686] clocksource: Switched to clocksource kvm-clock
[   10.972932] AppArmor: AppArmor Filesystem Enabled
[   11.005343] pnp: PnP ACPI init
[   11.043484] pnp: PnP ACPI: found 3 devices
[   11.085333] clocksource: acpi_pm: mask: 0xffffff max_cycles: 0xffffff, max_idle_ns: 2085701024 ns
[   11.144809] NET: Registered protocol family 2
[   11.177467] TCP established hash table entries: 4096 (order: 3, 32768 bytes)
[   11.222866] TCP bind hash table entries: 4096 (order: 4, 65536 bytes)
[   11.262287] TCP: Hash tables configured (established 4096 bind 4096)
[   11.307879] UDP hash table entries: 256 (order: 1, 8192 bytes)
[   11.345607] UDP-Lite hash table entries: 256 (order: 1, 8192 bytes)
[   11.387070] NET: Registered protocol family 1
[   11.417666] pci 0000:00:00.0: Limiting direct PCI/PCI transfers
[   11.462327] pci 0000:00:01.0: Activating ISA DMA hang workarounds
[   11.510591] Unpacking initramfs...
[   14.707306] Freeing initrd memory: 10912K
[   14.736809] RAPL PMU detected, API unit is 2^-32 Joules, 3 fixed counters 10737418240 ms ovfl timer
[   14.795885] hw unit of domain pp0-core 2^-0 Joules
[   14.827978] hw unit of domain package 2^-0 Joules
[   14.860966] hw unit of domain pp1-gpu 2^-0 Joules
[   14.893804] platform rtc_cmos: registered platform RTC device (no PNP device found)
[   14.946698] Scanning for low memory corruption every 60 seconds
[   14.984274] audit: initializing netlink subsys (disabled)
[   15.020336] audit: type=2000 audit(1526144420.431:1): initialized
[   15.058453] Initialise system trusted keyring
[   15.089881] HugeTLB registered 2 MB page size, pre-allocated 0 pages
[   15.135327] zbud: loaded
[   15.158156] VFS: Disk quotas dquot_6.6.0
[   15.186215] VFS: Dquot-cache hash table entries: 512 (order 0, 4096 bytes)
[   15.228688] squashfs: version 4.0 (2009/01/31) Phillip Lougher
[   15.266746] fuse init (API version 7.23)
[   15.306153] Key type big_key registered
[   15.335094] Allocating IMA MOK and blacklist keyrings.
[   15.371169] Key type asymmetric registered
[   15.402962] Asymmetric key parser 'x509' registered
[   15.434906] Block layer SCSI generic (bsg) driver version 0.4 loaded (major 249)
[   15.487014] io scheduler noop registered
[   15.516584] io scheduler deadline registered (default)
[   15.553390] io scheduler cfq registered
[   15.580340] pci_hotplug: PCI Hot Plug PCI Core version: 0.5
[   15.616758] pciehp: PCI Express Hot Plug Controller Driver version: 0.4
[   15.660074] ACPI: AC Adapter [AC] (on-line)
[   15.692699] input: Power Button as /devices/LNXSYSTM:00/LNXPWRBN:00/input/input0
[   15.747400] ACPI: Power Button [PWRF]
[   15.776188] input: Sleep Button as /devices/LNXSYSTM:00/LNXSLPBN:00/input/input1
[   15.829479] ACPI: Sleep Button [SLPF]
[   15.863293] GHES: HEST is not enabled!
[   15.897132] ACPI: Battery Slot [BAT0] (battery present)
[   15.931268] Serial: 8250/16550 driver, 32 ports, IRQ sharing enabled
[   16.084814] 00:02: ttyS0 at I/O 0x3f8 (irq = 4, base_baud = 115200) is a 16550A
[   16.139509] Linux agpgart interface v0.103
[   16.170738] loop: module loaded
[   16.201126] scsi host0: ata_piix
[   16.229988] scsi host1: ata_piix
[   16.255871] ata1: PATA max UDMA/33 cmd 0x1f0 ctl 0x3f6 bmdma 0xd000 irq 14
[   16.301373] ata2: PATA max UDMA/33 cmd 0x170 ctl 0x376 bmdma 0xd008 irq 15
[   16.361607] libphy: Fixed MDIO Bus: probed
[   16.425941] tun: Universal TUN/TAP device driver, 1.6
[   16.462964] tun: (C) 1999-2004 Max Krasnyansky <maxk@qualcomm.com>
[   16.505855] PPP generic driver version 2.4.2
[   16.542093] ehci_hcd: USB 2.0 'Enhanced' Host Controller (EHCI) Driver
[   16.589483] ehci-pci: EHCI PCI platform driver
[   16.623223] ehci-platform: EHCI generic platform driver
[   16.659648] ohci_hcd: USB 1.1 'Open' Host Controller (OHCI) Driver
[   16.700053] ohci-pci: OHCI PCI platform driver
[   16.731449] ohci-platform: OHCI generic platform driver
[   16.766251] uhci_hcd: USB Universal Host Controller Interface driver
[   16.812223] i8042: PNP: PS/2 Controller [PNP0303:PS2K,PNP0f03:PS2M] at 0x60,0x64 irq 1,12
[   16.886153] serio: i8042 KBD port at 0x60,0x64 irq 1
[   16.920376] serio: i8042 AUX port at 0x60,0x64 irq 12
[   16.952105] mousedev: PS/2 mouse device common for all mice
[   16.990458] input: AT Translated Set 2 keyboard as /devices/platform/i8042/serio0/input/input2
[   17.052517] rtc_cmos rtc_cmos: rtc core: registered rtc_cmos as rtc0
[   17.093619] rtc_cmos rtc_cmos: alarms up to one day, 114 bytes nvram
[   17.133909] i2c /dev entries driver
[   17.159891] device-mapper: uevent: version 1.0.3
[   17.190704] device-mapper: ioctl: 4.34.0-ioctl (2015-10-28) initialised: dm-devel@redhat.com
[   17.244972] ledtrig-cpu: registered to indicate activity on CPUs
[   17.281635] NET: Registered protocol family 10
[   17.312818] NET: Registered protocol family 17
[   17.342288] Key type dns_resolver registered
[   17.371509] registered taskstats version 1
[   17.400926] Loading compiled-in X.509 certificates
[   17.434651] Loaded X.509 cert 'Build time autogenerated kernel key: 97a7db5071cab428e7f67f96f51ed8d32b3fc527'
[   17.494619] zswap: loaded using pool lzo/zbud
[   17.527818] Key type trusted registered
[   17.561342] Key type encrypted registered
[   17.588594] AppArmor: AppArmor sha1 policy hashing enabled
[   17.622749] ima: No TPM chip found, activating TPM-bypass!
[   17.657158] evm: HMAC attrs: 0x1
[   17.687802]   Magic number: 2:659:36
[   17.713419]   hash matches /build/linux-DqQ95A/linux-4.4.0/drivers/base/power/main.c:644
[   17.766306] bdi 7:1: hash matches
[   17.790265] misc loop-control: hash matches
[   17.820406] rtc_cmos rtc_cmos: setting system clock to 2018-05-12 17:00:13 UTC (1526144413)
[   17.875702] BIOS EDD facility v0.16 2004-Jun-25, 0 devices found
[   17.914264] EDD information not available.
[   17.963579] Freeing unused kernel memory: 1508K
[   17.996527] Write protecting the kernel read-only data: 14336k
[   18.039398] Freeing unused kernel memory: 1696K
[   18.069293] Freeing unused kernel memory: 100K
Loading, please wait...
starting version 229
[   18.149488] random: udevadm: uninitialized urandom read (16 bytes read, 6 bits of entropy available)
[   18.208356] random: systemd-udevd: uninitialized urandom read (16 bytes read, 6 bits of entropy available)
[   18.268803] random: systemd-udevd: uninitialized urandom read (16 bytes read, 6 bits of entropy available)
[   18.330174] random: udevadm: uninitialized urandom read (16 bytes read, 6 bits of entropy available)
[   18.433240] random: systemd-udevd: uninitialized urandom read (16 bytes read, 6 bits of entropy available)
[   18.511095] random: systemd-udevd: uninitialized urandom read (16 bytes read, 6 bits of entropy available)
[   18.574608] random: udevadm: uninitialized urandom read (16 bytes read, 6 bits of entropy available)
[   18.634666] random: systemd-udevd: uninitialized urandom read (16 bytes read, 6 bits of entropy available)
[   18.693257] random: udevadm: uninitialized urandom read (16 bytes read, 6 bits of entropy available)
[   18.751385] random: systemd-udevd: uninitialized urandom read (16 bytes read, 6 bits of entropy available)
[   18.966630] e1000: Intel(R) PRO/1000 Network Driver - version 7.3.21-k8-NAPI
[   19.008205] e1000: Copyright (c) 1999-2006 Intel Corporation.
[   19.046277] Fusion MPT base driver 3.04.20
[   19.075432] Copyright (c) 1999-2008 LSI Corporation
[   19.252363] Fusion MPT SPI Host driver 3.04.20
[   19.472766] input: ImExPS/2 Generic Explorer Mouse as /devices/platform/i8042/serio1/input/input4
[   21.984539] e1000 0000:00:03.0 eth0: (PCI:33MHz:32-bit) 02:ee:24:bb:8a:f6
[   22.024900] e1000 0000:00:03.0 eth0: Intel(R) PRO/1000 Network Connection
[   22.069896] mptbase: ioc0: Initiating bringup
[   22.167871] ioc0: LSI53C1030 A0: Capabilities={Initiator}
[   22.416256] scsi host2: ioc0: LSI53C1030 A0, FwRev=00000000h, Ports=1, MaxQ=256, IRQ=20
[   22.583995] scsi 2:0:0:0: Direct-Access     VBOX     HARDDISK         1.0  PQ: 0 ANSI: 5
[   22.648110] scsi target2:0:0: Beginning Domain Validation
[   22.798792] scsi target2:0:0: Domain Validation skipping write tests
[   22.839041] scsi target2:0:0: Ending Domain Validation
[   22.957686] scsi target2:0:0: asynchronous
[   23.102347] scsi 2:0:1:0: Direct-Access     VBOX     HARDDISK         1.0  PQ: 0 ANSI: 5
[   23.223700] scsi target2:0:1: Beginning Domain Validation
[   24.155506] scsi target2:0:1: Domain Validation skipping write tests
[   24.199506] scsi target2:0:1: Ending Domain Validation
[   24.344182] scsi target2:0:1: asynchronous
[   24.989076] sd 2:0:0:0: Attached scsi generic sg0 type 0
[   25.023808] sd 2:0:0:0: [sda] 20971520 512-byte logical blocks: (10.7 GB/10.0 GiB)
[   25.110005] sd 2:0:1:0: Attached scsi generic sg1 type 0
[   25.143543] sd 2:0:1:0: [sdb] 20480 512-byte logical blocks: (10.5 MB/10.0 MiB)
[   25.231754] sd 2:0:0:0: [sda] Write Protect is off
[   25.298931] sd 2:0:0:0: [sda] Incomplete mode parameter data
[   25.335126] sd 2:0:0:0: [sda] Assuming drive cache: write through
[   25.374294] sd 2:0:1:0: [sdb] Write Protect is off
[   25.515817] sd 2:0:1:0: [sdb] Incomplete mode parameter data
[   25.554317] sd 2:0:1:0: [sdb] Assuming drive cache: write through
[   25.691576]  sda: sda1
[   25.757115] sd 2:0:0:0: [sda] Attached SCSI disk
[   25.789154] sd 2:0:1:0: [sdb] Attached SCSI disk
[   26.505708] e1000 0000:00:08.0 eth1: (PCI:33MHz:32-bit) 08:00:27:5e:8b:70
[   26.546032] e1000 0000:00:08.0 eth1: Intel(R) PRO/1000 Network Connection
[   26.606747] e1000 0000:00:08.0 enp0s8: renamed from eth1
[   26.651368] e1000 0000:00:03.0 enp0s3: renamed from eth0
Begin: Loading essential drivers ... [   35.843823] md: linear personality registered for level -1
[   35.885068] md: multipath personality registered for level -4
[   35.929334] md: raid0 personality registered for level 0
[   35.981617] md: raid1 personality registered for level 1
[   36.099493] raid6: sse2x1   gen()  4525 MB/s
[   36.195492] raid6: sse2x1   xor()  3830 MB/s
[   36.291145] raid6: sse2x2   gen()  5964 MB/s
[   36.387118] raid6: sse2x2   xor()  4306 MB/s
[   36.482958] raid6: sse2x4   gen()  6933 MB/s
[   36.579720] raid6: sse2x4   xor()  5230 MB/s
[   36.608268] raid6: using algorithm sse2x4 gen() 6933 MB/s
[   36.642550] raid6: .... xor() 5230 MB/s, rmw enabled
[   36.674730] raid6: using ssse3x2 recovery algorithm
[   36.711054] xor: measuring software checksum speed
[   36.783115]    prefetch64-sse:  7902.000 MB/sec
[   36.851233]    generic_sse:  7764.000 MB/sec
[   36.879222] xor: using function: prefetch64-sse (7902.000 MB/sec)
[   36.919615] async_tx: api initialized (async)
[   36.986883] md: raid6 personality registered for level 6
[   37.020162] md: raid5 personality registered for level 5
[   37.054507] md: raid4 personality registered for level 4
[   37.108759] md: raid10 personality registered for level 10
done.
Begin: Running /scripts/init-premount ... done.
Begin: Mounting root file system ... Begin: Running /scripts/local-top ... done.
Begin: Running /scripts/local-premount ... [   37.366802] Btrfs loaded
Scanning for Btrfs filesystems
[   37.473359] random: nonblocking pool is initialized
done.
Warning: fsck not present, so skipping root file system
[   37.723093] EXT4-fs (sda1): INFO: recovery required on readonly filesystem
[   37.763024] EXT4-fs (sda1): write access will be enabled during recovery
[   38.094259] EXT4-fs (sda1): recovery complete
[   38.124895] EXT4-fs (sda1): mounted filesystem with ordered data mode. Opts: (null)
done.
Begin: Running /scripts/local-bottom ... done.
Begin: Running /scripts/init-bottom ... done.
[   39.456282] systemd[1]: systemd 229 running in system mode. (+PAM +AUDIT +SELINUX +IMA +APPARMOR +SMACK +SYSVINIT +UTMP +LIBCRYPTSETUP +GCRYPT +GNUTLS +ACL +XZ -LZ4 +SECCOMP +BLKID +ELFUTILS +KMOD -IDN)
[   39.573069] systemd[1]: Detected virtualization oracle.
[   39.607899] systemd[1]: Detected architecture x86-64.

Welcome to [1mUbuntu 16.04.4 LTS[0m!

[   39.789303] systemd[1]: Set hostname to <ubuntu-xenial>.
[   41.331748] systemd[1]: Listening on LVM2 metadata daemon socket.
[[0;32m  OK  [0m] Listening on LVM2 metadata daemon socket.
[   41.416602] systemd[1]: Listening on Journal Socket (/dev/log).
[[0;32m  OK  [0m] Listening on Journal Socket (/dev/log).
[   41.503856] systemd[1]: Started Forward Password Requests to Wall Directory Watch.
[[0;32m  OK  [0m] Started Forward Password Requests to Wall Directory Watch.
[   41.621226] systemd[1]: Reached target System Time Synchronized.
[[0;32m  OK  [0m] Reached target System Time Synchronized.
[   41.709977] systemd[1]: Listening on /dev/initctl Compatibility Named Pipe.
[[0;32m  OK  [0m] Listening on /dev/initctl Compatibility Named Pipe.
[   41.809435] systemd[1]: Started Trigger resolvconf update for networkd DNS.
[[0;32m  OK  [0m] Started Trigger resolvconf update for networkd DNS.
[   41.904443] systemd[1]: Listening on LVM2 poll daemon socket.
[[0;32m  OK  [0m] Listening on LVM2 poll daemon socket.
[   41.992159] systemd[1]: Created slice System Slice.
[[0;32m  OK  [0m] Created slice System Slice.
[   42.076688] systemd[1]: Created slice system-serial\x2dgetty.slice.
[[0;32m  OK  [0m] Created slice system-serial\x2dgetty.slice.
[   42.175610] systemd[1]: Listening on Syslog Socket.
[[0;32m  OK  [0m] Listening on Syslog Socket.
[   42.250415] systemd[1]: Listening on Journal Socket.
[[0;32m  OK  [0m] Listening on Journal Socket.
[   42.326250] systemd[1]: Starting Uncomplicated firewall...
         Starting Uncomplicated firewall...
[   42.401913] systemd[1]: Mounting Debug File System...
         Mounting Debug File System...
[   42.482553] systemd[1]: Mounting Huge Pages File System...
         Mounting Huge Pages File System...
[   42.569649] systemd[1]: Mounting POSIX Message Queue File System...
         Mounting POSIX Message Queue File System...
[   42.707614] systemd[1]: Starting Load Kernel Modules...
         Starting Load Kernel Modules...
[   42.783963] systemd[1]: Listening on Device-mapper event daemon FIFOs.
[[0;32m  OK  [0m] Listening on Device-mapper event daemon FIFOs.
[   42.891336] systemd[1]: Reached target User and Group Name Lookups.
[   42.929756] Loading iSCSI transport class v2.0-870.
[[0;32m  OK  [0m] Reached target User and Group Name Lookups.
[   43.020795] iscsi: registered transport (tcp)
[   43.050952] systemd[1]: Starting Set console keymap...
         Starting Set console keymap...
[   43.127007] systemd[1]: Listening on Journal Audit Socket.
[[0;32m  OK  [0m] Listening on Journal Audit Socket.
[   43.221840] systemd[1]: Starting Journal Service...
         Starting Journal Service...
[   43.334339] systemd[1]: Created slice User and Session Slice.
[[0;32m  OK  [0m] Created slice User and Session Slice.
[   43.438850] systemd[1]: Reached target Slices.
[[0;32m  OK  [0m] Reached target Slices.
[   43.556352] systemd[1]: Starting Create list of required static device nodes for the current kernel...
[   43.642899] iscsi: registered transport (iser)
         Starting Create list of required st... nodes for the current kernel...
[   43.770117] systemd[1]: Reached target Encrypted Volumes.
[[0;32m  OK  [0m] Reached target Encrypted Volumes.
[   43.861945] systemd[1]: Reached target Swap.
[[0;32m  OK  [0m] Reached target Swap.
[   43.931586] systemd[1]: Listening on udev Kernel Socket.
[[0;32m  OK  [0m] Listening on udev Kernel Socket.
[   44.009657] systemd[1]: Starting Nameserver information manager...
         Starting Nameserver information manager...
[   44.088757] systemd[1]: Set up automount Arbitrary Executable File Formats File System Automount Point.
[[0;32m  OK  [0m] Set up automount Arbitrary Executab...ats File System Automount Point.
[   44.223393] systemd[1]: Starting Monitoring of LVM2 mirrors, snapshots etc. using dmeventd or progress polling...
         Starting Monitoring of LVM2 mirrors... dmeventd or progress polling...
[   44.340334] systemd[1]: Starting Remount Root and Kernel File Systems...
         Starting Remount Root and Kernel File Systems...
[   44.446938] systemd[1]: Listening on udev Control Socket.
[   44.491682] EXT4-fs (sda1): re-mounted. Opts: (null)
[[0;32m  OK  [0m] Listening on udev Control Socket.
[   44.595512] systemd[1]: Mounted POSIX Message Queue File System.
[[0;32m  OK  [0m] Mounted POSIX Message Queue File System.
[   44.682765] systemd[1]: Mounted Debug File System.
[[0;32m  OK  [0m] Mounted Debug File System.
[   44.757116] systemd[1]: Mounted Huge Pages File System.
[[0;32m  OK  [0m] Mounted Huge Pages File System.
[   44.833445] systemd[1]: Started Journal Service.
[[0;32m  OK  [0m] Started Journal Service.
[[0;32m  OK  [0m] Started Uncomplicated firewall.
[[0;32m  OK  [0m] Started Load Kernel Modules.
[[0;32m  OK  [0m] Started Set console keymap.
[[0;32m  OK  [0m] Started Create list of required sta...ce nodes for the current kernel.
[[0;32m  OK  [0m] Started Remount Root and Kernel File Systems.
[[0;32m  OK  [0m] Started Nameserver information manager.
[[0;32m  OK  [0m] Started LVM2 metadata daemon.
         Starting Initial cloud-init job (pre-networking)...
         Starting udev Coldplug all Devices...
         Starting Load/Save Random Seed...
         Starting Create Static Device Nodes in /dev...
         Starting Apply Kernel Variables...
         Mounting FUSE Control File System...
         Starting Flush Journal to Persistent Storage...
[[0;32m  OK  [0m] Mounted FUSE Control File System.
[[0;32m  OK  [0m] Started Load/Save Random Seed.
[[0;32m  OK  [0m] Started Apply Kernel Variables.
[[0;32m  OK  [0m] Started udev Coldplug all Devices.
[[0;32m  OK  [0m] Started Flush Journal to Persistent Storage.
[[0;32m  OK  [0m] Started Monitoring of LVM2 mirrors,...ng dmeventd or progress polling.
[[0;32m  OK  [0m] Started Create Static Device Nodes in /dev.
         Starting udev Kernel Device Manager...
[[0;32m  OK  [0m] Started udev Kernel Device Manager.
[[0;32m  OK  [0m] Reached target Local File Systems (Pre).
[[0;32m  OK  [0m] Reached target Local File Systems.
         Starting Tell Plymouth To Write Out Runtime Data...
         Starting LSB: AppArmor initialization...
         Starting Set console font and keymap...
         Starting Create Volatile Files and Directories...
[[0;32m  OK  [0m] Started Dispatch Password Requests to Console Directory Watch.
[[0;32m  OK  [0m] Started Tell Plymouth To Write Out Runtime Data.
[[0;32m  OK  [0m] Found device /dev/ttyS0.
[[0;32m  OK  [0m] Started Create Volatile Files and Directories.
         Starting Update UTMP about System Boot/Shutdown...
[[0;32m  OK  [0m] Started Update UTMP about System Boot/Shutdown.
[[0;32m  OK  [0m] Found device 82540EM Gigabit Ethern...r (PRO/1000 MT Desktop Adapter).
[[0;32m  OK  [0m] Started LSB: AppArmor initialization.
[   50.916887] [[0;32m  OK  [0m] Started Initial cloud-init job (pre-networking).cloud-init[410]: Cloud-init v. 18.2 running 'init-local' at Sat, 12 May 2018 17:00:53 +0000. Up 48.42 seconds.

[[0;32m  OK  [0m] Listening on Load/Save RF Kill Switch Status /dev/rfkill Watch.
[[0;32m  OK  [0m] Reached target Network (Pre).
[[0;32m  OK  [0m] Started ifup for enp0s3.
         Starting Raise network interfaces...
[[0;32m  OK  [0m] Started Set console font and keymap.
[[0;32m  OK  [0m] Created slice system-getty.slice.
[[0;32m  OK  [0m] Started Raise network interfaces.
[[0;32m  OK  [0m] Reached target Network.
         Starting Initial cloud-init job (metadata service crawler)...
[   69.579720] cloud-init[967]: Cloud-init v. 18.2 running 'init' at Sat, 12 May 2018 17:01:12 +0000. Up 68.28 seconds.
[   69.717449] cloud-init[967]: [ci-info: ++++++++++++++++++++++++++++++++++++++Net device info++++++++++++++++++++++++++++++++++++++[0;32m  OK  [0m] Started Initial cloud-init job (metadata service crawler).

[   69.843581] [[0;32m  OK  [0mcloud-init] [967]: Reached target System Initialization.ci-info: +--------+-------+----------------------------+---------------+-------+-------------------+
         Starting Socket activation for snappy daemon.
[   69.957636] 
[cloud-init[0;32m  OK  [0m[967]: ] Listening on UUID daemon activation socket.ci-info: | Device |   Up  |          Address           |      Mask     | Scope |     Hw-Address    |
[[0;32m  OK  [0m
] Listening on ACPID Listen Socket.[   70.077878] cloud-init[967]: 
ci-info: +--------+-------+----------------------------+---------------+-------+-------------------+[[0;32m  OK  [0m] Started Daily apt download activities.

[[   70.177170] [0;32m  OK  [0mcloud-init] Started Daily apt upgrade and clean activities.[967]: ci-info: | enp0s3 |  True |         10.0.2.15          | 255.255.255.0 |   .   | 02:ee:24:bb:8a:f6 |
[[0;32m  OK  [0m] Started Daily Cleanup of Temporary Directories.
[   70.294952] cloud-init
[967]:          ci-info: | enp0s3 |  True | fe80::ee:24ff:febb:8af6/64 |       .       |  link | 02:ee:24:bb:8a:f6 |Starting LXD - unix socket.
[[0;32m  OK  [0m
] Listening on D-Bus System Message Bus Socket.[   70.412692] cloud-init[967]: ci-info: | enp0s8 | False |             .              |       .       |   .   | 08:00:27:5e:8b:70 |
[[0;32m  OK  [0m] Reached target Timers.

[   70.493354] [cloud-init[0;32m  OK  [0m[967]: ci-info: |   lo   |  True |         127.0.0.1          |   255.0.0.0   |   .   |         .         |] Started ACPI Events Check.
[[0;32m  OK  [0m
] [   70.601243] Reached target Paths.cloud-init
[967]: [ci-info: |   lo   |  True |          ::1/128           |       .       |  host |         .         |[0;32m  OK  [0m] Reached target Cloud-config availability.
[
[0;32m  OK  [0m[   70.722532] ] cloud-initReached target Network is Online.[967]: ci-info: +--------+-------+----------------------------+---------------+-------+-------------------+
         Starting iSCSI initiator daemon (iscsid)...

[   70.844479] [cloud-init[0;32m  OK  [0m[967]: ] ci-info: +++++++++++++++++++++++++++Route IPv4 info++++++++++++++++++++++++++++Listening on Socket activation for snappy daemon.
[[0;32m  OK  [0m
[   70.958643] ] Listening on LXD - unix socket.cloud-init[967]: 
ci-info: +-------+-------------+----------+---------------+-----------+-------+[[0;32m  OK  [0m
] Reached target Sockets.[   71.078927] cloud-init
[[967]: [0;32m  OK  [0mci-info: | Route | Destination | Gateway  |    Genmask    | Interface | Flags |] Reached target Basic System.

[[0;32m  OK  [0m[   71.170307] ] Started ACPI event daemon.cloud-init
[967]: [ci-info: +-------+-------------+----------+---------------+-----------+-------+[0;32m  OK  [0m] Started FUSE filesystem for LXC.

[   71.325762]          cloud-initStarting System Logging Service...[967]: ci-info: |   0   |   0.0.0.0   | 10.0.2.2 |    0.0.0.0    |   enp0s3  |   UG  |
[[0;32m  OK  [0m] Started Deferred execution scheduler.
[   71.450384] cloud-init
[967]:          Starting LSB: Record successful boot for GRUB...ci-info: |   1   |   10.0.2.0  | 0.0.0.0  | 255.255.255.0 |   enp0s3  |   U   |
[[0;32m  OK  [0m] Started Unattended Upgrades Shutdown.
[   71.585613] 
         cloud-init[967]: Starting Login Service...ci-info: +-------+-------------+----------+---------------+-----------+-------+

         Starting Pollinate to seed the pseudo random number generator...
         Starting Virtualbox guest utils...
         Starting LXD - container startup/shutdown...
         Starting LSB: MD monitoring daemon...
[[0;32m  OK  [0m] Started D-Bus System Message Bus.
         Starting Accounts Service...
[[0;32m  OK  [0m] Started Regular background program processing daemon.
         Starting Apply the settings specified in cloud-config...
         Starting /etc/rc.local Compatibility...
         Starting Snappy daemon...
[[0;32m  OK  [0m] Started System Logging Service.
[[0;32m  OK  [0m] Started iSCSI initiator daemon (iscsid).
[[0;32m  OK  [0m] Started /etc/rc.local Compatibility.
         Starting Login to default iSCSI targets...
[[0;32m  OK  [0m] Started Login Service.
[[0;32m  OK  [0m] Started LSB: MD monitoring daemon.
[[0;32m  OK  [0m] Started LSB: Record successful boot for GRUB.
         Starting Authenticate and Authorize Users to Run Privileged Tasks...
[[0;32m  OK  [0m] Started Login to default iSCSI targets.
[[0;32m  OK  [0m] Reached target Remote File Systems (Pre).
[   75.125971] [[0;32m  OK  [0m] Reached target Remote File Systems.cloud-init
         Starting LSB: automatic crash report generation...
[1114]:          Starting Permit User Sessions...Cloud-init v. 18.2 running 'modules:config' at Sat, 12 May 2018 17:01:18 +0000. Up 74.22 seconds.
         Starting LSB: Set the CPU Frequency Scaling governor to "ondemand"...
         Starting LSB: daemon to balance interrupts for SMP systems...
[[0;32m  OK  [0m] Started Virtualbox guest utils.
[[0;32m  OK  [0m] Started Permit User Sessions.

[[0;32m  OK  [0m] Started Authenticate and Authorize Users to Run Privileged Tasks.
[[0;32m  OK  [0m] Started Accounts Service.
[[0;32m  OK  [0m] Started Apply the settings specified in cloud-config.
         Starting Hold until boot process finishes up...
         Starting Terminate Plymouth Boot Screen...
[[0;32m  OK  [0m] Started LSB: automatic crash report generation.
[[0;32m  OK  [0m] Started LXD - container startup/shutdown.
[[0;32m  OK  [0m] Started LSB: Set the CPU Frequency Scaling governor to "ondemand".
[[0;32m  OK  [0m] Started LSB: daemon to balance interrupts for SMP systems.
[[0;32m  OK  [0m] Started Hold until boot process finishes up.
[[0;32m  OK  [0m] Started Terminate Plymouth Boot Screen.
[[0;32m  OK  [0m] Started Getty on tty1.
[[0;32m  OK  [0m] Started Serial Getty on ttyS0.
[[0;32m  OK  [0m] Reached target Login Prompts.
         Starting Set console scheme...
[[0;32m  OK  [0m] Started Set console scheme.
[[0;32m  OK  [0m] Started Snappy daemon.

Ubuntu 16.04.4 LTS ubuntu-xenial ttyS0

ubuntu-xenial login: [   86.085731] cloud-init[1265]: Cloud-init v. 18.2 running 'modules:final' at Sat, 12 May 2018 17:01:30 +0000. Up 85.77 seconds.
[   86.192495] cloud-init[1265]: Cloud-init v. 18.2 finished at Sat, 12 May 2018 17:01:30 +0000. Datasource DataSourceNoCloud [seed=/dev/sdb][dsmode=net].  Up 86.07 seconds
